﻿
> hotel-integration-tests@1.0.0 test
> tsx e2e-test-suite.ts


ÔòöÔòÉÔòÉÔòÉÔòÉÔòÉÔòÉÔòÉÔòÉÔòÉÔòÉÔòÉÔòÉÔòÉÔòÉÔòÉÔòÉÔòÉÔòÉÔòÉÔòÉÔòÉÔòÉÔòÉÔòÉÔòÉÔòÉÔòÉÔòÉÔòÉÔòÉÔòÉÔòÉÔòÉÔòÉÔòÉÔòÉÔòÉÔòÉÔòÉÔòÉÔòÉÔòÉÔòÉÔòÉÔòÉÔòÉÔòÉÔòÉÔòÉÔòÉÔòÉÔòÉÔòÉÔòÉÔòÉÔòÉÔòÉÔòÉÔòù
Ôòæ     End-to-End Integration Test Suite                    Ôòæ
Ôòæ     Hotel Microservices Platform                         Ôòæ
ÔòÜÔòÉÔòÉÔòÉÔòÉÔòÉÔòÉÔòÉÔòÉÔòÉÔòÉÔòÉÔòÉÔòÉÔòÉÔòÉÔòÉÔòÉÔòÉÔòÉÔòÉÔòÉÔòÉÔòÉÔòÉÔòÉÔòÉÔòÉÔòÉÔòÉÔòÉÔòÉÔòÉÔòÉÔòÉÔòÉÔòÉÔòÉÔòÉÔòÉÔòÉÔòÉÔòÉÔòÉÔòÉÔòÉÔòÉÔòÉÔòÉÔòÉÔòÉÔòÉÔòÉÔòÉÔòÉÔòÉÔòÉÔòÉÔòÉÔòØ

Configuration:
 API Gateway: http://localhost:8080
 User Service: http://localhost:8081
 Hotel Service: http://localhost:8084
 Media Service: http://localhost:8082
 Room Service: http://localhost:8085
 Booking Service: http://localhost:8086
 BFF Service: http://localhost:8087



============================================================
  SUITE: Service Health Checks
============================================================
  Ô£ô User Service health endpoint (31ms)
  Ô£ô Hotel Service health endpoint (5ms)
  Ô£ô Media Service health endpoint (4ms)
  Ô£ô Room Service health endpoint (5ms)
  Ô£ô User Service readiness check (2ms)
  Ô£ô Hotel Service readiness check (2ms)
  Ô£ô Booking Service health endpoint (4ms)
  Ô£ô Booking Service readiness check (3ms)
  Ô£ô BFF Service health endpoint (3ms)
  Ô£ô BFF Service readiness check (5ms)

  Suite Summary: 10 passed, 0 failed (64ms)

============================================================
  SUITE: User Authentication Flow
============================================================
  Ô£ô Register admin user (43ms)
  Ô£ô Register regular user (44ms)
  Ô£ô Login admin user (44ms)
Debug: User Profile Response: {"id":"","email":"user_1777224234581@hotel.com","display_name":"Test User","user_type":"","updated_at":"2026-04-26T17:23:54.229079Z"}
  Ô£ô Login regular user (45ms)
  Ô£ô Verify admin token works (1ms)
  Ô£ô Verify user token works (1ms)

  Suite Summary: 6 passed, 0 failed (179ms)

============================================================
  SUITE: Hotel CRUD Operations
============================================================
  Ô£ô List hotels (empty initially) (2ms)
  Ô£ô Create hotel (admin only) (4ms)
  Ô£ô Get hotel by ID (1ms)
  Ô£ô List hotels with city filter (1ms)
  Ô£ô Update hotel (admin only) (3ms)
  Ô£ô Verify hotel update (1ms)

  Suite Summary: 6 passed, 0 failed (12ms)

============================================================
  SUITE: Media Service Integration
============================================================
  Ô£ô Upload hotel image via Media Service (58ms)
  Ô£ô List hotel images (4ms)
  Ô£ô Download image from Media Service (3ms)

  Suite Summary: 3 passed, 0 failed (65ms)

============================================================
  SUITE: Room Service Integration
============================================================
  Ô£ô Create room for hotel (admin only) (15ms)
  Ô£ô List rooms by hotel (4ms)
  Ô£ô Get room by ID (2ms)
  Ô£ô Check room availability (1ms)
  Ô£ô Update room (admin only) (3ms)
  Ô£ô Update room quantity (admin only) (2ms)

  Suite Summary: 6 passed, 0 failed (27ms)

============================================================
  SUITE: Review Operations
============================================================
  Ô£ô Create review for hotel (authenticated user) (3ms)
  Ô£ô List reviews by hotel (1ms)
  Ô£ô Verify hotel rating updated (1ms)

  Suite Summary: 3 passed, 0 failed (5ms)

============================================================
  SUITE: Cross-Service Data Integrity
============================================================
  Ô£ô Verify media linked to hotel (2ms)
  Ô£ô Verify rooms linked to hotel (2ms)
  Ô£ô Verify reviews linked to hotel (1ms)
  Ô£ô Verify hotel exists in list after all operations (1ms)

  Suite Summary: 4 passed, 0 failed (6ms)

============================================================
  SUITE: Authorization & Security
============================================================
  Ô£ô Non-admin cannot create room (1ms)
  Ô£ô Non-admin cannot update hotel (2ms)
  Ô£ô Non-admin cannot delete hotel (1ms)
  Ô£ô Unauthorized request returns 401 (1ms)

  Suite Summary: 4 passed, 0 failed (5ms)

============================================================
  SUITE: Booking Service Operations
============================================================
  Ô£ô List all bookings (2ms)
  Ô£ù Create booking for user (0ms)
    Error: Missing required IDs
  Ô£ù Get booking by ID (0ms)
    Error: No booking ID available
  Ô£ù List bookings by user (0ms)
    Error: No user ID available
  Ô£ù List bookings by hotel (2ms)
    Error: Cannot read properties of null (reading 'bookings')
  Ô£ô Check room availability (2ms)
  Ô£ù Update booking status to confirmed (0ms)
    Error: No booking ID available

  Suite Summary: 2 passed, 5 failed (6ms)

============================================================
  SUITE: BFF Service Operations
============================================================
  Ô£ô Get hotels via BFF (3ms)
  Ô£ô Get hotel by ID via BFF (2ms)
  Ô£ô Get hotel with rooms via BFF (aggregation) (2ms)
  Ô£ô Get room by ID via BFF (5ms)
  Ô£ô Create room via BFF (bridge pattern) (9ms)
  Ô£ô Get reservations via BFF (4ms)
  Ô£ô Create reservation via BFF (bridge pattern) (7ms)
  Ô£ù Get reservation details via BFF (aggregation) (4ms)
    Error: Expected reservation data in response
  Ô£ô Unauthorized BFF request returns 401 (1ms)

  Suite Summary: 8 passed, 1 failed (37ms)

============================================================
  SUITE: Cleanup Test Data
============================================================
  Ô£ô Delete test room (3ms)
  Ô£ô Delete test hotel (3ms)
 Skip: No booking ID
  Ô£ô Cancel test booking (0ms)

  Suite Summary: 3 passed, 0 failed (6ms)

ÔòöÔòÉÔòÉÔòÉÔòÉÔòÉÔòÉÔòÉÔòÉÔòÉÔòÉÔòÉÔòÉÔòÉÔòÉÔòÉÔòÉÔòÉÔòÉÔòÉÔòÉÔòÉÔòÉÔòÉÔòÉÔòÉÔòÉÔòÉÔòÉÔòÉÔòÉÔòÉÔòÉÔòÉÔòÉÔòÉÔòÉÔòÉÔòÉÔòÉÔòÉÔòÉÔòÉÔòÉÔòÉÔòÉÔòÉÔòÉÔòÉÔòÉÔòÉÔòÉÔòÉÔòÉÔòÉÔòÉÔòÉÔòÉÔòÉÔòù
Ôòæ                    TEST SUITE SUMMARY                    Ôòæ
ÔòáÔòÉÔòÉÔòÉÔòÉÔòÉÔòÉÔòÉÔòÉÔòÉÔòÉÔòÉÔòÉÔòÉÔòÉÔòÉÔòÉÔòÉÔòÉÔòÉÔòÉÔòÉÔòÉÔòÉÔòÉÔòÉÔòÉÔòÉÔòÉÔòÉÔòÉÔòÉÔòÉÔòÉÔòÉÔòÉÔòÉÔòÉÔòÉÔòÉÔòÉÔòÉÔòÉÔòÉÔòÉÔòÉÔòÉÔòÉÔòÉÔòÉÔòÉÔòÉÔòÉÔòÉÔòÉÔòÉÔòÉÔòÉÔòÉÔòú
Ôòæ Ô£ô Service Health Checks                         Ôòæ
Ôòæ   Passed: 10  Failed: 0   Duration:    64ms             Ôòæ
Ôòæ Ô£ô User Authentication Flow                      Ôòæ
Ôòæ   Passed: 6   Failed: 0   Duration:   179ms             Ôòæ
Ôòæ Ô£ô Hotel CRUD Operations                         Ôòæ
Ôòæ   Passed: 6   Failed: 0   Duration:    12ms             Ôòæ
Ôòæ Ô£ô Media Service Integration                     Ôòæ
Ôòæ   Passed: 3   Failed: 0   Duration:    65ms             Ôòæ
Ôòæ Ô£ô Room Service Integration                      Ôòæ
Ôòæ   Passed: 6   Failed: 0   Duration:    27ms             Ôòæ
Ôòæ Ô£ô Review Operations                             Ôòæ
Ôòæ   Passed: 3   Failed: 0   Duration:     5ms             Ôòæ
Ôòæ Ô£ô Cross-Service Data Integrity                  Ôòæ
Ôòæ   Passed: 4   Failed: 0   Duration:     6ms             Ôòæ
Ôòæ Ô£ô Authorization & Security                      Ôòæ
Ôòæ   Passed: 4   Failed: 0   Duration:     5ms             Ôòæ
Ôòæ Ô£ù Booking Service Operations                    Ôòæ
Ôòæ   Passed: 2   Failed: 5   Duration:     6ms             Ôòæ
Ôòæ Ô£ù BFF Service Operations                        Ôòæ
Ôòæ   Passed: 8   Failed: 1   Duration:    37ms             Ôòæ
Ôòæ Ô£ô Cleanup Test Data                             Ôòæ
Ôòæ   Passed: 3   Failed: 0   Duration:     6ms             Ôòæ
ÔòáÔòÉÔòÉÔòÉÔòÉÔòÉÔòÉÔòÉÔòÉÔòÉÔòÉÔòÉÔòÉÔòÉÔòÉÔòÉÔòÉÔòÉÔòÉÔòÉÔòÉÔòÉÔòÉÔòÉÔòÉÔòÉÔòÉÔòÉÔòÉÔòÉÔòÉÔòÉÔòÉÔòÉÔòÉÔòÉÔòÉÔòÉÔòÉÔòÉÔòÉÔòÉÔòÉÔòÉÔòÉÔòÉÔòÉÔòÉÔòÉÔòÉÔòÉÔòÉÔòÉÔòÉÔòÉÔòÉÔòÉÔòÉÔòÉÔòú
Ôòæ Overall: FAILED                                           Ôòæ
Ôòæ Total Tests: 61                                            Ôòæ
Ôòæ Passed: 55                                                 Ôòæ
Ôòæ Failed: 6                                                  Ôòæ
Ôòæ Total Duration: 412ms                                   Ôòæ
ÔòÜÔòÉÔòÉÔòÉÔòÉÔòÉÔòÉÔòÉÔòÉÔòÉÔòÉÔòÉÔòÉÔòÉÔòÉÔòÉÔòÉÔòÉÔòÉÔòÉÔòÉÔòÉÔòÉÔòÉÔòÉÔòÉÔòÉÔòÉÔòÉÔòÉÔòÉÔòÉÔòÉÔòÉÔòÉÔòÉÔòÉÔòÉÔòÉÔòÉÔòÉÔòÉÔòÉÔòÉÔòÉÔòÉÔòÉÔòÉÔòÉÔòÉÔòÉÔòÉÔòÉÔòÉÔòÉÔòÉÔòÉÔòÉÔòÉÔòØ

